current directory: /home/ubuntu/projects/ariaguma/vendor/bundle/ruby/3.2.0/gems/date-3.4.1/ext/date
/home/ubuntu/.rvm/rubies/ruby-3.2.2/bin/ruby extconf.rb
checking for rb_category_warn()... yes
checking for timezone in time.h with  -Werror... yes
checking for altzone in time.h with  -Werror... no
creating Makefile

current directory: /home/ubuntu/projects/ariaguma/vendor/bundle/ruby/3.2.0/gems/date-3.4.1/ext/date
make DESTDIR\= sitearchdir\=./.gem.20251120-1115442-8hx73h sitelibdir\=./.gem.20251120-1115442-8hx73h clean

current directory: /home/ubuntu/projects/ariaguma/vendor/bundle/ruby/3.2.0/gems/date-3.4.1/ext/date
make DESTDIR\= sitearchdir\=./.gem.20251120-1115442-8hx73h sitelibdir\=./.gem.20251120-1115442-8hx73h
compiling date_core.c
compiling date_parse.c
compiling date_strftime.c
compiling date_strptime.c
linking shared-object date_core.so

current directory: /home/ubuntu/projects/ariaguma/vendor/bundle/ruby/3.2.0/gems/date-3.4.1/ext/date
make DESTDIR\= sitearchdir\=./.gem.20251120-1115442-8hx73h sitelibdir\=./.gem.20251120-1115442-8hx73h install
/usr/bin/install -c -m 0755 date_core.so ./.gem.20251120-1115442-8hx73h

current directory: /home/ubuntu/projects/ariaguma/vendor/bundle/ruby/3.2.0/gems/date-3.4.1/ext/date
make DESTDIR\= sitearchdir\=./.gem.20251120-1115442-8hx73h sitelibdir\=./.gem.20251120-1115442-8hx73h clean
