current directory: /home/ubuntu/projects/ariaguma/vendor/bundle/ruby/3.2.0/gems/ed25519-1.4.0/ext/ed25519_ref10
/home/ubuntu/.rvm/rubies/ruby-3.2.2/bin/ruby extconf.rb
checking for whether -Wall is accepted as CFLAGS... yes
checking for whether -O3 is accepted as CFLAGS... yes
checking for whether -pedantic is accepted as CFLAGS... no
checking for whether -std=c99 is accepted as CFLAGS... yes
creating Makefile

current directory: /home/ubuntu/projects/ariaguma/vendor/bundle/ruby/3.2.0/gems/ed25519-1.4.0/ext/ed25519_ref10
make DESTDIR\= sitearchdir\=./.gem.20251120-1115442-f7qsqn sitelibdir\=./.gem.20251120-1115442-f7qsqn clean

current directory: /home/ubuntu/projects/ariaguma/vendor/bundle/ruby/3.2.0/gems/ed25519-1.4.0/ext/ed25519_ref10
make DESTDIR\= sitearchdir\=./.gem.20251120-1115442-f7qsqn sitelibdir\=./.gem.20251120-1115442-f7qsqn
compiling ed25519_ref10.c
ed25519_ref10.c: In function ‘Init_ed25519_ref10’:
ed25519_ref10.c:12:6: warning: old-style function definition [-Wold-style-definition]
   12 | void Init_ed25519_ref10()
      |      ^~~~~~~~~~~~~~~~~~
At top level:
cc1: note: unrecognized command-line option ‘-Wno-self-assign’ may have been intended to silence earlier diagnostics
cc1: note: unrecognized command-line option ‘-Wno-parentheses-equality’ may have been intended to silence earlier diagnostics
cc1: note: unrecognized command-line option ‘-Wno-constant-logical-operand’ may have been intended to silence earlier diagnostics
compiling fe.c
compiling ge.c
compiling keypair.c
compiling open.c
compiling sc_muladd.c
compiling sc_reduce.c
compiling sha512.c
compiling sign.c
compiling verify.c
linking shared-object ed25519_ref10.so

current directory: /home/ubuntu/projects/ariaguma/vendor/bundle/ruby/3.2.0/gems/ed25519-1.4.0/ext/ed25519_ref10
make DESTDIR\= sitearchdir\=./.gem.20251120-1115442-f7qsqn sitelibdir\=./.gem.20251120-1115442-f7qsqn install
/usr/bin/install -c -m 0755 ed25519_ref10.so ./.gem.20251120-1115442-f7qsqn

current directory: /home/ubuntu/projects/ariaguma/vendor/bundle/ruby/3.2.0/gems/ed25519-1.4.0/ext/ed25519_ref10
make DESTDIR\= sitearchdir\=./.gem.20251120-1115442-f7qsqn sitelibdir\=./.gem.20251120-1115442-f7qsqn clean
